// Jest Snapshot v1, https://goo.gl/fbAQLP

exports[`Example render 1`] = `
<DocumentFragment>
  <p
    class="MuiTypography-root MuiTypography-body1 css-ahj2mt-MuiTypography-root"
  >
    Examplecommon:test
  </p>
</DocumentFragment>
`;
